≡ƒÜÇ File Editing Intelligence - Phase 4 Tests
============================================
Testing endpoint: http://localhost:3000/api/ai/editing


=== Testing AI Response Processing ===
Γ¥î AI operations test failed: 

=== Testing: Small Change - Prefer Patch ===
Γ¥î Scenario failed with error: 

=== Testing: Major Rewrite - Prefer Rewrite ===
Γ¥î Scenario failed with error: 

=== Testing: Append to File - Prefer Patch ===
Γ¥î Scenario failed with error: 

============================================
≡ƒÅü Test Results: 0/3 tests passed
ΓÜá∩╕Å  Some tests failed. Review the implementation.

≡ƒÆí System Features Demonstrated:
Γ£à Minimal patch updates over full rewrites
Γ£à Intelligent edit strategy selection
Γ£à Patch failure handling with reload
Γ£à AI response processing
Γ£à Security boundary enforcement
Γ£à Audit logging
